---
source: src/ui.rs
expression: "render(&mut app, 100, 30).backend()"
---
" EUVD    1 Latest │ 2 Latest Exploited │ 3 Latest Critical │ 4 Search │ 5 Lookup                    "
"┌ Lookup id ───────────────────────────────────────────────────────────────────────────────────────┐"
"│EUVD-2026-41256                                                                                   │"
"└──────────────────────────────────────────────────────────────────────────────────────────────────┘"
"                                                                                                    "
"  Ids starting with EUVD- are fetched from /api/enisaid, e.g. EUVD-2026-41256                       "
"  Anything else is treated as an advisory id for /api/advisory, e.g. oxas-adv-2024-0002             "
"                                                                                                    "
"  Enter fetches and opens the record; Esc leaves the input.                                         "
"                                                                                                    "
"  ✗ no record found                                                                                 "
"                                                                                                    "
"                                                                                                    "
"                                                                                                    "
"                                                                                                    "
"                                                                                                    "
"                                                                                                    "
"                                                                                                    "
"                                                                                                    "
"                                                                                                    "
"                                                                                                    "
"                                                                                                    "
"                                                                                                    "
"                                                                                                    "
"                                                                                                    "
"                                                                                                    "
"                                                                                                    "
"                                                                                                    "
"                                                                                                    "
" type an id · Enter fetch · Esc leave input                                       ✗ no record found "
